

<div>
	
	<p class="hello">Hello from me!</p>

</div>
