

<div>
	
	<p>Hello from me!</p>
	
		<p>a</p>
	
		<p>b</p>
	
		<p>c</p>
	

</div>
