

<div>
	
	<p class="hello">Hello from me!</p>

	
	<p class="bye">Hello from him!</p>

</div>
