





<div>
	
	<p>Hello!</p>

</div>

<div>
	
	<p>Hello from mixin with love!</p>

</div>

<div>
	
	<p>Hello from mixin!</p>

</div>
